Archive member included to satisfy reference by file (symbol)

c:/program files/microchip/xc8/v2.36/avr/bin/../lib/gcc/avr/5.4.0/avr25/memx-const\libgcc.a(_copy_data.o)
                              main.o (__do_copy_data)
c:/program files/microchip/xc8/v2.36/avr/bin/../lib/gcc/avr/5.4.0/../../../../avr/lib/avr25/memx-const\libc.a(exit.o)
                              C:/Program Files (x86)/Atmel/Studio/7.0/Packs/atmel/ATtiny_DFP/1.10.348/xc8/avr/lib/avr25/memx-const/crtattiny85.o (exit)
c:/program files/microchip/xc8/v2.36/avr/bin/../lib/gcc/avr/5.4.0/../../../../avr/lib/avr25/memx-const\libc.a(_Exit.o)
                              c:/program files/microchip/xc8/v2.36/avr/bin/../lib/gcc/avr/5.4.0/../../../../avr/lib/avr25/memx-const\libc.a(exit.o) (_Exit)
c:/program files/microchip/xc8/v2.36/avr/bin/../lib/gcc/avr/5.4.0/avr25/memx-const\libgcc.a(_exit.o)
                              c:/program files/microchip/xc8/v2.36/avr/bin/../lib/gcc/avr/5.4.0/../../../../avr/lib/avr25/memx-const\libc.a(_Exit.o) (_exit)

Discarded input sections

 .data          0x0000000000000000        0x0 C:/Program Files (x86)/Atmel/Studio/7.0/Packs/atmel/ATtiny_DFP/1.10.348/xc8/avr/lib/avr25/memx-const/crtattiny85.o
 .bss           0x0000000000000000        0x0 C:/Program Files (x86)/Atmel/Studio/7.0/Packs/atmel/ATtiny_DFP/1.10.348/xc8/avr/lib/avr25/memx-const/crtattiny85.o
 .text          0x0000000000000000        0x0 main.o
 .data          0x0000000000000000        0x0 main.o
 .bss           0x0000000000000000        0x0 main.o
 .text          0x0000000000000000        0x0 MCAL_layer/device_config.o
 .data          0x0000000000000000        0x0 MCAL_layer/device_config.o
 .bss           0x0000000000000000        0x0 MCAL_layer/device_config.o
 .debug_info    0x0000000000000000      0x245 MCAL_layer/device_config.o
 .debug_abbrev  0x0000000000000000       0x1b MCAL_layer/device_config.o
 .debug_aranges
                0x0000000000000000       0x18 MCAL_layer/device_config.o
 .debug_line    0x0000000000000000       0x1a MCAL_layer/device_config.o
 .debug_str     0x0000000000000000        0x0 MCAL_layer/device_config.o
 .comment       0x0000000000000000       0x30 MCAL_layer/device_config.o
 .text          0x0000000000000000        0x0 MCAL_layer/GPIO/hal_gpio.o
 .data          0x0000000000000000        0x0 MCAL_layer/GPIO/hal_gpio.o
 .bss           0x0000000000000000        0x0 MCAL_layer/GPIO/hal_gpio.o
 .text.gpio_pin_get_direction_st
                0x0000000000000000       0x52 MCAL_layer/GPIO/hal_gpio.o
 .text.gpio_pin_write_logic
                0x0000000000000000       0x94 MCAL_layer/GPIO/hal_gpio.o
 .text.gpio_pin_read_logic
                0x0000000000000000       0x52 MCAL_layer/GPIO/hal_gpio.o
 .text.gpio_pin_initialize
                0x0000000000000000       0x56 MCAL_layer/GPIO/hal_gpio.o
 .text.gpio_port_direction_initialize
                0x0000000000000000        0x6 MCAL_layer/GPIO/hal_gpio.o
 .text.gpio_port_get_direction_st
                0x0000000000000000       0x12 MCAL_layer/GPIO/hal_gpio.o
 .text.gpio_port_write_logic
                0x0000000000000000        0x6 MCAL_layer/GPIO/hal_gpio.o
 .text.gpio_port_read_logic
                0x0000000000000000       0x12 MCAL_layer/GPIO/hal_gpio.o
 .text.gpio_port_toggle_logic
                0x0000000000000000        0xa MCAL_layer/GPIO/hal_gpio.o
 .text          0x0000000000000000        0x0 c:/program files/microchip/xc8/v2.36/avr/bin/../lib/gcc/avr/5.4.0/avr25/memx-const\libgcc.a(_copy_data.o)
 .data          0x0000000000000000        0x0 c:/program files/microchip/xc8/v2.36/avr/bin/../lib/gcc/avr/5.4.0/avr25/memx-const\libgcc.a(_copy_data.o)
 .bss           0x0000000000000000        0x0 c:/program files/microchip/xc8/v2.36/avr/bin/../lib/gcc/avr/5.4.0/avr25/memx-const\libgcc.a(_copy_data.o)
 .text.libgcc.mul
                0x0000000000000000        0x0 c:/program files/microchip/xc8/v2.36/avr/bin/../lib/gcc/avr/5.4.0/avr25/memx-const\libgcc.a(_copy_data.o)
 .text.libgcc.div
                0x0000000000000000        0x0 c:/program files/microchip/xc8/v2.36/avr/bin/../lib/gcc/avr/5.4.0/avr25/memx-const\libgcc.a(_copy_data.o)
 .text.libgcc   0x0000000000000000        0x0 c:/program files/microchip/xc8/v2.36/avr/bin/../lib/gcc/avr/5.4.0/avr25/memx-const\libgcc.a(_copy_data.o)
 .text.libgcc.prologue
                0x0000000000000000        0x0 c:/program files/microchip/xc8/v2.36/avr/bin/../lib/gcc/avr/5.4.0/avr25/memx-const\libgcc.a(_copy_data.o)
 .text.libgcc.builtins
                0x0000000000000000        0x0 c:/program files/microchip/xc8/v2.36/avr/bin/../lib/gcc/avr/5.4.0/avr25/memx-const\libgcc.a(_copy_data.o)
 .text.libgcc.fmul
                0x0000000000000000        0x0 c:/program files/microchip/xc8/v2.36/avr/bin/../lib/gcc/avr/5.4.0/avr25/memx-const\libgcc.a(_copy_data.o)
 .text.libgcc.fixed
                0x0000000000000000        0x0 c:/program files/microchip/xc8/v2.36/avr/bin/../lib/gcc/avr/5.4.0/avr25/memx-const\libgcc.a(_copy_data.o)
 .text          0x0000000000000000        0x0 c:/program files/microchip/xc8/v2.36/avr/bin/../lib/gcc/avr/5.4.0/../../../../avr/lib/avr25/memx-const\libc.a(exit.o)
 .data          0x0000000000000000        0x0 c:/program files/microchip/xc8/v2.36/avr/bin/../lib/gcc/avr/5.4.0/../../../../avr/lib/avr25/memx-const\libc.a(exit.o)
 .bss           0x0000000000000000        0x0 c:/program files/microchip/xc8/v2.36/avr/bin/../lib/gcc/avr/5.4.0/../../../../avr/lib/avr25/memx-const\libc.a(exit.o)
 .text          0x0000000000000000        0x0 c:/program files/microchip/xc8/v2.36/avr/bin/../lib/gcc/avr/5.4.0/../../../../avr/lib/avr25/memx-const\libc.a(_Exit.o)
 .data          0x0000000000000000        0x0 c:/program files/microchip/xc8/v2.36/avr/bin/../lib/gcc/avr/5.4.0/../../../../avr/lib/avr25/memx-const\libc.a(_Exit.o)
 .bss           0x0000000000000000        0x0 c:/program files/microchip/xc8/v2.36/avr/bin/../lib/gcc/avr/5.4.0/../../../../avr/lib/avr25/memx-const\libc.a(_Exit.o)
 .text          0x0000000000000000        0x0 c:/program files/microchip/xc8/v2.36/avr/bin/../lib/gcc/avr/5.4.0/avr25/memx-const\libgcc.a(_exit.o)
 .data          0x0000000000000000        0x0 c:/program files/microchip/xc8/v2.36/avr/bin/../lib/gcc/avr/5.4.0/avr25/memx-const\libgcc.a(_exit.o)
 .bss           0x0000000000000000        0x0 c:/program files/microchip/xc8/v2.36/avr/bin/../lib/gcc/avr/5.4.0/avr25/memx-const\libgcc.a(_exit.o)
 .text.libgcc.mul
                0x0000000000000000        0x0 c:/program files/microchip/xc8/v2.36/avr/bin/../lib/gcc/avr/5.4.0/avr25/memx-const\libgcc.a(_exit.o)
 .text.libgcc.div
                0x0000000000000000        0x0 c:/program files/microchip/xc8/v2.36/avr/bin/../lib/gcc/avr/5.4.0/avr25/memx-const\libgcc.a(_exit.o)
 .text.libgcc   0x0000000000000000        0x0 c:/program files/microchip/xc8/v2.36/avr/bin/../lib/gcc/avr/5.4.0/avr25/memx-const\libgcc.a(_exit.o)
 .text.libgcc.prologue
                0x0000000000000000        0x0 c:/program files/microchip/xc8/v2.36/avr/bin/../lib/gcc/avr/5.4.0/avr25/memx-const\libgcc.a(_exit.o)
 .stack.descriptors
                0x0000000000000000       0x13 c:/program files/microchip/xc8/v2.36/avr/bin/../lib/gcc/avr/5.4.0/avr25/memx-const\libgcc.a(_exit.o)
 .text.libgcc.builtins
                0x0000000000000000        0x0 c:/program files/microchip/xc8/v2.36/avr/bin/../lib/gcc/avr/5.4.0/avr25/memx-const\libgcc.a(_exit.o)
 .text.libgcc.fmul
                0x0000000000000000        0x0 c:/program files/microchip/xc8/v2.36/avr/bin/../lib/gcc/avr/5.4.0/avr25/memx-const\libgcc.a(_exit.o)
 .text.libgcc.fixed
                0x0000000000000000        0x0 c:/program files/microchip/xc8/v2.36/avr/bin/../lib/gcc/avr/5.4.0/avr25/memx-const\libgcc.a(_exit.o)

Memory Configuration

Name             Origin             Length             Attributes
text             0x0000000000000000 0x0000000000002000 xr
data             0x0000000000800060 0x0000000000000200 rw !x
eeprom           0x0000000000810000 0x0000000000000200 rw !x
fuse             0x0000000000820000 0x0000000000000003 rw !x
lock             0x0000000000830000 0x0000000000000400 rw !x
signature        0x0000000000840000 0x0000000000000400 rw !x
user_signatures  0x0000000000850000 0x0000000000000400 rw !x
*default*        0x0000000000000000 0xffffffffffffffff

Linker script and memory map

LOAD C:/Program Files (x86)/Atmel/Studio/7.0/Packs/atmel/ATtiny_DFP/1.10.348/xc8/avr/lib/avr25/memx-const/crtattiny85.o
LOAD main.o
LOAD MCAL_layer/device_config.o
LOAD MCAL_layer/GPIO/hal_gpio.o
START GROUP
LOAD c:/program files/microchip/xc8/v2.36/avr/bin/../lib/gcc/avr/5.4.0/../../../../avr/lib/avr25/memx-const\libm.a
END GROUP
START GROUP
LOAD c:/program files/microchip/xc8/v2.36/avr/bin/../lib/gcc/avr/5.4.0/avr25/memx-const\libgcc.a
LOAD c:/program files/microchip/xc8/v2.36/avr/bin/../lib/gcc/avr/5.4.0/../../../../avr/lib/avr25/memx-const\libm.a
LOAD c:/program files/microchip/xc8/v2.36/avr/bin/../lib/gcc/avr/5.4.0/../../../../avr/lib/avr25/memx-const\libc.a
LOAD C:/Program Files (x86)/Atmel/Studio/7.0/Packs/atmel/ATtiny_DFP/1.10.348/xc8/avr/lib/avr25/memx-const\libattiny85.a
END GROUP
                0x0000000000000000                __TEXT_REGION_ORIGIN__ = DEFINED (__TEXT_REGION_ORIGIN__)?__TEXT_REGION_ORIGIN__:0x0
                [0x0000000000800060]                __DATA_REGION_ORIGIN__ = DEFINED (__DATA_REGION_ORIGIN__)?__DATA_REGION_ORIGIN__:0x800060
                [0x0000000000002000]                __TEXT_REGION_LENGTH__ = DEFINED (__TEXT_REGION_LENGTH__)?__TEXT_REGION_LENGTH__:0x2000
                [0x0000000000000200]                __DATA_REGION_LENGTH__ = DEFINED (__DATA_REGION_LENGTH__)?__DATA_REGION_LENGTH__:0xffa0
                [0x0000000000000200]                __EEPROM_REGION_LENGTH__ = DEFINED (__EEPROM_REGION_LENGTH__)?__EEPROM_REGION_LENGTH__:0x10000
                [0x0000000000000003]                __FUSE_REGION_LENGTH__ = DEFINED (__FUSE_REGION_LENGTH__)?__FUSE_REGION_LENGTH__:0x400
                0x0000000000000400                __LOCK_REGION_LENGTH__ = DEFINED (__LOCK_REGION_LENGTH__)?__LOCK_REGION_LENGTH__:0x400
                0x0000000000000400                __SIGNATURE_REGION_LENGTH__ = DEFINED (__SIGNATURE_REGION_LENGTH__)?__SIGNATURE_REGION_LENGTH__:0x400
                0x0000000000000400                __USER_SIGNATURE_REGION_LENGTH__ = DEFINED (__USER_SIGNATURE_REGION_LENGTH__)?__USER_SIGNATURE_REGION_LENGTH__:0x400

.hash
 *(.hash)

.dynsym
 *(.dynsym)

.dynstr
 *(.dynstr)

.gnu.version
 *(.gnu.version)

.gnu.version_d
 *(.gnu.version_d)

.gnu.version_r
 *(.gnu.version_r)

.rel.init
 *(.rel.init)

.rela.init
 *(.rela.init)

.rel.text
 *(.rel.text)
 *(.rel.text.*)
 *(.rel.gnu.linkonce.t*)

.rela.text
 *(.rela.text)
 *(.rela.text.*)
 *(.rela.gnu.linkonce.t*)

.rel.fini
 *(.rel.fini)

.rela.fini
 *(.rela.fini)

.rel.rodata
 *(.rel.rodata)
 *(.rel.rodata.*)
 *(.rel.gnu.linkonce.r*)

.rela.rodata
 *(.rela.rodata)
 *(.rela.rodata.*)
 *(.rela.gnu.linkonce.r*)

.rel.data
 *(.rel.data)
 *(.rel.data.*)
 *(.rel.gnu.linkonce.d*)

.rela.data
 *(.rela.data)
 *(.rela.data.*)
 *(.rela.gnu.linkonce.d*)

.rel.ctors
 *(.rel.ctors)

.rela.ctors
 *(.rela.ctors)

.rel.dtors
 *(.rel.dtors)

.rela.dtors
 *(.rela.dtors)

.rel.got
 *(.rel.got)

.rela.got
 *(.rela.got)

.rel.bss
 *(.rel.bss)

.rela.bss
 *(.rela.bss)

.rel.plt
 *(.rel.plt)

.rela.plt
 *(.rela.plt)

.text           0x0000000000000000       0x76
 *(.vectors)
 .vectors       0x0000000000000000       0x1e C:/Program Files (x86)/Atmel/Studio/7.0/Packs/atmel/ATtiny_DFP/1.10.348/xc8/avr/lib/avr25/memx-const/crtattiny85.o
                0x0000000000000000                __vector_default
                0x0000000000000000                __vectors
 *(.vectors)
 *(.progmem.gcc*)
 *(.dinit)
 .dinit         0x000000000000001e        0x7 data_init
                0x0000000000000026                . = ALIGN (0x2)
 *fill*         0x0000000000000025        0x1 
                0x0000000000000026                __trampolines_start = .
 *(.trampolines)
 .trampolines   0x0000000000000026        0x0 linker stubs
 *(.trampolines*)
                0x0000000000000026                __trampolines_end = .
 *libprintf_flt.a:*(.progmem.data)
 *libc.a:*(.progmem.data)
                0x0000000000000026                . = ALIGN (0x2)
 *(.jumptables)
 *(.jumptables*)
 *(.lowtext)
 *(.lowtext*)
                0x0000000000000026                __ctors_start = .
 *(.ctors)
                0x0000000000000026                __ctors_end = .
                0x0000000000000026                __dtors_start = .
 *(.dtors)
                0x0000000000000026                __dtors_end = .
 SORT(*)(.ctors)
 SORT(*)(.dtors)
 *(.init0)
 .init0         0x0000000000000026        0x0 C:/Program Files (x86)/Atmel/Studio/7.0/Packs/atmel/ATtiny_DFP/1.10.348/xc8/avr/lib/avr25/memx-const/crtattiny85.o
                0x0000000000000026                __init
 *(.init0)
 *(.init1)
 *(.init1)
 *(.init2)
 .init2         0x0000000000000026        0xc C:/Program Files (x86)/Atmel/Studio/7.0/Packs/atmel/ATtiny_DFP/1.10.348/xc8/avr/lib/avr25/memx-const/crtattiny85.o
 *(.init2)
 *(.init3)
 *(.init3)
 *(.init4)
 .init4         0x0000000000000032       0x3c c:/program files/microchip/xc8/v2.36/avr/bin/../lib/gcc/avr/5.4.0/avr25/memx-const\libgcc.a(_copy_data.o)
                0x0000000000000032                __do_copy_data
                0x0000000000000060                __do_clear_bss
 *(.init4)
 *(.init5)
 *(.init5)
 *(.init6)
 *(.init6)
 *(.init7)
 *(.init7)
 *(.init8)
 *(.init8)
 *(.init9)
 .init9         0x000000000000006e        0x4 C:/Program Files (x86)/Atmel/Studio/7.0/Packs/atmel/ATtiny_DFP/1.10.348/xc8/avr/lib/avr25/memx-const/crtattiny85.o
 *(.init9)
                0x0000000000000072                . = ALIGN (0x2)
 *(.fini9)
 .fini9         0x0000000000000072        0x0 c:/program files/microchip/xc8/v2.36/avr/bin/../lib/gcc/avr/5.4.0/avr25/memx-const\libgcc.a(_exit.o)
                0x0000000000000072                _exit
 *(.fini9)
 *(.fini8)
 *(.fini8)
 *(.fini7)
 *(.fini7)
 *(.fini6)
 *(.fini6)
 *(.fini5)
 *(.fini5)
 *(.fini4)
 *(.fini4)
 *(.fini3)
 *(.fini3)
 *(.fini2)
 *(.fini2)
 *(.fini1)
 *(.fini1)
 *(.fini0)
 .fini0         0x0000000000000072        0x4 c:/program files/microchip/xc8/v2.36/avr/bin/../lib/gcc/avr/5.4.0/avr25/memx-const\libgcc.a(_exit.o)
 *(.fini0)
                0x0000000000000076                _etext = .

.data           0x0000000000800060        0x0 load address 0x0000000000000076
                [!provide]                        PROVIDE (__data_start, .)
 *(.gnu.linkonce.d*)
 *(.gnu.linkonce.r*)
                0x0000000000800060                . = ALIGN (0x2)
                0x0000000000800060                _edata = .
                [!provide]                        PROVIDE (__data_end, .)

.bss            0x0000000000800060        0x0
                [!provide]                        PROVIDE (__bss_start, .)
 *(COMMON)
                [!provide]                        PROVIDE (__bss_end, .)
                0x0000000000000076                __data_load_start = LOADADDR (.data)
                0x0000000000000076                __data_load_end = (__data_load_start + SIZEOF (.data))

.noinit         0x0000000000800060        0x0
                [!provide]                        PROVIDE (__noinit_start, .)
 *(.noinit*)
                [!provide]                        PROVIDE (__noinit_end, .)
                0x0000000000800060                _end = .

.eeprom         0x0000000000810000        0x0
 *(.eeprom*)
                0x0000000000810000                __eeprom_end = .

.fuse
 *(.fuse)
 *(.lfuse)
 *(.hfuse)
 *(.efuse)

.lock
 *(.lock*)

.signature
 *(.signature*)

.user_signatures
 *(.user_signatures*)

.stab
 *(.stab)

.stabstr
 *(.stabstr)

.stab.excl
 *(.stab.excl)

.stab.exclstr
 *(.stab.exclstr)

.stab.index
 *(.stab.index)

.stab.indexstr
 *(.stab.indexstr)

.comment        0x0000000000000000       0x2f
 *(.comment)
 .comment       0x0000000000000000       0x2f main.o
                                         0x30 (size before relaxing)
 .comment       0x000000000000002f       0x30 MCAL_layer/GPIO/hal_gpio.o
 .comment       0x000000000000002f       0x30 c:/program files/microchip/xc8/v2.36/avr/bin/../lib/gcc/avr/5.4.0/../../../../avr/lib/avr25/memx-const\libc.a(exit.o)
 .comment       0x000000000000002f       0x30 c:/program files/microchip/xc8/v2.36/avr/bin/../lib/gcc/avr/5.4.0/../../../../avr/lib/avr25/memx-const\libc.a(_Exit.o)

.note.GNU-stack
                0x0000000000000000        0x0
 .note.GNU-stack
                0x0000000000000000        0x0 c:/program files/microchip/xc8/v2.36/avr/bin/../lib/gcc/avr/5.4.0/../../../../avr/lib/avr25/memx-const\libc.a(exit.o)
 .note.GNU-stack
                0x0000000000000000        0x0 c:/program files/microchip/xc8/v2.36/avr/bin/../lib/gcc/avr/5.4.0/../../../../avr/lib/avr25/memx-const\libc.a(_Exit.o)

.stack.descriptors.hdr
                0x0000000000000000        0xe
 .stack.descriptors.hdr
                0x0000000000000000        0xe c:/program files/microchip/xc8/v2.36/avr/bin/../lib/gcc/avr/5.4.0/avr25/memx-const\libgcc.a(_exit.o)

.note.gnu.build-id
 *(.note.gnu.build-id)

.debug
 *(.debug)

.line
 *(.line)

.debug_srcinfo
 *(.debug_srcinfo)

.debug_sfnames
 *(.debug_sfnames)

.debug_aranges  0x0000000000000000       0x98
 *(.debug_aranges)
 .debug_aranges
                0x0000000000000000       0x28 main.o
 .debug_aranges
                0x0000000000000028       0x70 MCAL_layer/GPIO/hal_gpio.o

.debug_pubnames
 *(.debug_pubnames)

.debug_info     0x0000000000000000     0x1124
 *(.debug_info .gnu.linkonce.wi.*)
 .debug_info    0x0000000000000000      0x420 C:/Program Files (x86)/Atmel/Studio/7.0/Packs/atmel/ATtiny_DFP/1.10.348/xc8/avr/lib/avr25/memx-const/crtattiny85.o
 .debug_info    0x0000000000000420      0x58d main.o
 .debug_info    0x00000000000009ad      0x777 MCAL_layer/GPIO/hal_gpio.o

.debug_abbrev   0x0000000000000000      0x67f
 *(.debug_abbrev)
 .debug_abbrev  0x0000000000000000      0x3e8 C:/Program Files (x86)/Atmel/Studio/7.0/Packs/atmel/ATtiny_DFP/1.10.348/xc8/avr/lib/avr25/memx-const/crtattiny85.o
 .debug_abbrev  0x00000000000003e8      0x14d main.o
 .debug_abbrev  0x0000000000000535      0x14a MCAL_layer/GPIO/hal_gpio.o

.debug_line     0x0000000000000000      0x5a9
 *(.debug_line .debug_line.* .debug_line_end)
 .debug_line    0x0000000000000000       0xf5 C:/Program Files (x86)/Atmel/Studio/7.0/Packs/atmel/ATtiny_DFP/1.10.348/xc8/avr/lib/avr25/memx-const/crtattiny85.o
 .debug_line    0x00000000000000f5      0x193 main.o
 .debug_line    0x0000000000000288      0x321 MCAL_layer/GPIO/hal_gpio.o

.debug_frame    0x0000000000000000      0x118
 *(.debug_frame)
 .debug_frame   0x0000000000000000       0x34 main.o
 .debug_frame   0x0000000000000034       0xe4 MCAL_layer/GPIO/hal_gpio.o

.debug_str      0x0000000000000000      0x1c2
 *(.debug_str)
 .debug_str     0x0000000000000000      0x169 C:/Program Files (x86)/Atmel/Studio/7.0/Packs/atmel/ATtiny_DFP/1.10.348/xc8/avr/lib/avr25/memx-const/crtattiny85.o
 .debug_str     0x0000000000000169       0x34 main.o
 .debug_str     0x000000000000019d       0x25 MCAL_layer/GPIO/hal_gpio.o

.debug_loc      0x0000000000000000      0x417
 *(.debug_loc)
 .debug_loc     0x0000000000000000      0x417 MCAL_layer/GPIO/hal_gpio.o

.debug_macinfo
 *(.debug_macinfo)

.debug_weaknames
 *(.debug_weaknames)

.debug_funcnames
 *(.debug_funcnames)

.debug_typenames
 *(.debug_typenames)

.debug_varnames
 *(.debug_varnames)

.debug_pubtypes
 *(.debug_pubtypes)

.debug_ranges   0x0000000000000000       0x78
 *(.debug_ranges)
 .debug_ranges  0x0000000000000000       0x18 main.o
 .debug_ranges  0x0000000000000018       0x60 MCAL_layer/GPIO/hal_gpio.o

.debug_macro
 *(.debug_macro)
OUTPUT(XC8Application1.elf elf32-avr)
LOAD linker stubs
LOAD data_init

.note.gnu.avr.deviceinfo
                0x0000000000000000       0x3c
 .note.gnu.avr.deviceinfo
                0x0000000000000000       0x3c C:/Program Files (x86)/Atmel/Studio/7.0/Packs/atmel/ATtiny_DFP/1.10.348/xc8/avr/lib/avr25/memx-const/crtattiny85.o

.text.gpio_pin_direction_initialize
                0x0000000000000076       0x82
 .text.gpio_pin_direction_initialize
                0x0000000000000076       0x82 MCAL_layer/GPIO/hal_gpio.o
                0x0000000000000076                gpio_pin_direction_initialize

.text.gpio_pin_toggle_logic
                0x00000000000000f8       0x48
 .text.gpio_pin_toggle_logic
                0x00000000000000f8       0x48 MCAL_layer/GPIO/hal_gpio.o
                0x00000000000000f8                gpio_pin_toggle_logic

.text.main      0x0000000000000140       0x46
 .text.main     0x0000000000000140       0x46 main.o
                0x0000000000000140                main

.text.main_initialize
                0x0000000000000186       0x32
 .text.main_initialize
                0x0000000000000186       0x32 main.o
                0x0000000000000186                main_initialize

.text.exit      0x00000000000001b8        0xe
 .text.exit     0x00000000000001b8        0xe c:/program files/microchip/xc8/v2.36/avr/bin/../lib/gcc/avr/5.4.0/../../../../avr/lib/avr25/memx-const\libc.a(exit.o)
                0x00000000000001b8                exit

.text           0x00000000000001c6        0x2
 .text          0x00000000000001c6        0x2 C:/Program Files (x86)/Atmel/Studio/7.0/Packs/atmel/ATtiny_DFP/1.10.348/xc8/avr/lib/avr25/memx-const/crtattiny85.o
                0x00000000000001c6                __vector_1
                0x00000000000001c6                __vector_12
                0x00000000000001c6                __bad_interrupt
                0x00000000000001c6                __vector_6
                0x00000000000001c6                __vector_3
                0x00000000000001c6                __vector_11
                0x00000000000001c6                __vector_13
                0x00000000000001c6                __vector_7
                0x00000000000001c6                __vector_5
                0x00000000000001c6                __vector_4
                0x00000000000001c6                __vector_9
                0x00000000000001c6                __vector_2
                0x00000000000001c6                __vector_8
                0x00000000000001c6                __vector_14
                0x00000000000001c6                __vector_10

.text.__dummy_fini
                0x00000000000001c8        0x2
 .text.__dummy_fini
                0x00000000000001c8        0x2 c:/program files/microchip/xc8/v2.36/avr/bin/../lib/gcc/avr/5.4.0/../../../../avr/lib/avr25/memx-const\libc.a(exit.o)
                0x00000000000001c8                _fini

.text.__dummy_funcs_on_exit
                0x00000000000001ca        0x2
 .text.__dummy_funcs_on_exit
                0x00000000000001ca        0x2 c:/program files/microchip/xc8/v2.36/avr/bin/../lib/gcc/avr/5.4.0/../../../../avr/lib/avr25/memx-const\libc.a(exit.o)
                0x00000000000001ca                __funcs_on_exit

.text.__dummy_simulator_exit
                0x00000000000001cc        0x2
 .text.__dummy_simulator_exit
                0x00000000000001cc        0x2 c:/program files/microchip/xc8/v2.36/avr/bin/../lib/gcc/avr/5.4.0/../../../../avr/lib/avr25/memx-const\libc.a(exit.o)
                0x00000000000001cc                __simulator_exit

.text._Exit     0x00000000000001ce        0x2
 .text._Exit    0x00000000000001ce        0x2 c:/program files/microchip/xc8/v2.36/avr/bin/../lib/gcc/avr/5.4.0/../../../../avr/lib/avr25/memx-const\libc.a(_Exit.o)
                0x00000000000001ce                _Exit

.data.led_6     0x0000000000800060        0x1 load address 0x00000000000001d0
 .data.led_6    0x0000000000800060        0x1 main.o
                0x0000000000800060                led_6

.data.led_5     0x0000000000800061        0x1 load address 0x00000000000001d1
 .data.led_5    0x0000000000800061        0x1 main.o
                0x0000000000800061                led_5

.data.led_4     0x0000000000800062        0x1 load address 0x00000000000001d2
 .data.led_4    0x0000000000800062        0x1 main.o
                0x0000000000800062                led_4

.data.led_3     0x0000000000800063        0x1 load address 0x00000000000001d3
 .data.led_3    0x0000000000800063        0x1 main.o
                0x0000000000800063                led_3

.data.led_2     0x0000000000800064        0x1 load address 0x00000000000001d4
 .data.led_2    0x0000000000800064        0x1 main.o
                0x0000000000800064                led_2

.data.led_1     0x0000000000800065        0x1 load address 0x00000000000001d5
 .data.led_1    0x0000000000800065        0x1 main.o
                0x0000000000800065                led_1
